// Jest Snapshot v1, https://goo.gl/fbAQLP

exports[`Checkbox renders a checkbox 1`] = `
<label
  className="preference-modifier"
>
  <div
    className="preference-modifier__label"
  >
    hoge
  </div>
  <div
    className="react-toggle"
    onClick={[Function]}
    onTouchEnd={[Function]}
    onTouchMove={[Function]}
    onTouchStart={[Function]}
  >
    <div
      className="react-toggle-track"
    >
      <div
        className="react-toggle-track-check"
      />
      <div
        className="react-toggle-track-x"
      />
    </div>
    <div
      className="react-toggle-thumb"
    />
    <input
      checked={false}
      className="react-toggle-screenreader-only"
      onBlur={[Function]}
      onChange={[MockFunction]}
      onFocus={[Function]}
      type="checkbox"
    />
  </div>
</label>
`;
